2026-09-03T19:42:35Z INF Thank you for trying Cloudflare Tunnel. Doing so, without a Cloudflare account, is a quick way to experiment and try it out. However, be aware that these account-less Tunnels have no uptime guarantee, are subject to the Cloudflare Online Services Terms of Use (https://www.cloudflare.com/website-terms/), and Cloudflare reserves the right to investigate your use of Tunnels for violations of such terms. If you intend to use Tunnels in production you should use a pre-created named tunnel by following: https://developers.cloudflare.com/cloudflare-one/connections/connect-apps
2026-09-03T19:42:35Z INF Requesting new quick Tunnel on trycloudflare.com...
2026-09-03T19:42:41Z INF +--------------------------------------------------------------------------------------------+
2026-09-03T19:42:41Z INF |  Your quick Tunnel has been created! Visit it at (it may take some time to be reachable):  |
2026-09-03T19:42:41Z INF |  https://shelf-week-public-enable.trycloudflare.com                                        |
2026-09-03T19:42:41Z INF +--------------------------------------------------------------------------------------------+
2026-09-03T19:42:41Z INF Cannot determine default configuration path. No file [config.yml config.yaml] in [~/.cloudflared ~/.cloudflare-warp ~/cloudflare-warp]
2026-09-03T19:42:41Z INF Version 2026.8.3 (Checksum 83e726ed18ea78c5ad5213c4c3a3a27051393950d2bc8ed4de69bec12d14eaae)
2026-09-03T19:42:41Z INF GOOS: windows, GOVersion: go1.26.4, GoArch: amd64
2026-09-03T19:42:41Z INF Settings: map[ha-connections:1 no-autoupdate:true protocol:quic url:http://localhost:4400]
2026-09-03T19:42:41Z INF cloudflared will not automatically update on Windows systems.
2026-09-03T19:42:41Z INF Generated Connector ID: 1cb17e55-b92f-488d-8fb4-07c4702613e7
2026-09-03T19:42:41Z INF Initial protocol quic
2026-09-03T19:42:41Z INF ICMP proxy will use 192.168.100.144 as source for IPv4
2026-09-03T19:42:41Z INF ICMP proxy will use fe80::f78e:32d:1ae7:4d14 in zone Wi-Fi 2 as source for IPv6
2026-09-03T19:42:41Z INF cloudflared does not support loading the system root certificate pool on Windows. Please use --origin-ca-pool <PATH> to specify the path to the certificate pool
2026-09-03T19:42:41Z INF ICMP proxy will use 192.168.100.144 as source for IPv4
2026-09-03T19:42:41Z INF Tunnel connection curve preferences: [X25519MLKEM768 CurveID(65074) CurveP256] connIndex=0 event=0 ip=198.41.192.57
2026-09-03T19:42:41Z INF ICMP proxy will use fe80::f78e:32d:1ae7:4d14 in zone Wi-Fi 2 as source for IPv6
2026-09-03T19:42:41Z INF Starting metrics server on 127.0.0.1:20241/metrics
2026-09-03T19:42:42Z INF +-------------------------------------------------------------------------------------+
2026-09-03T19:42:42Z INF |                               CONNECTIVITY PRE-CHECKS                               |
2026-09-03T19:42:42Z INF +-------------------------------------------------------------------------------------+
2026-09-03T19:42:42Z INF |  COMPONENT         TARGET                     STATUS  DETAILS                       |
2026-09-03T19:42:42Z INF |  DNS Resolution    region1.v2.argotunnel.com  PASS    DNS Resolved successfully     |
2026-09-03T19:42:42Z INF |  DNS Resolution    region2.v2.argotunnel.com  PASS    DNS Resolved successfully     |
2026-09-03T19:42:42Z INF |  UDP Connectivity  region1.v2.argotunnel.com  PASS    QUIC connection successful    |
2026-09-03T19:42:42Z INF |  UDP Connectivity  region2.v2.argotunnel.com  PASS    QUIC connection successful    |
2026-09-03T19:42:42Z INF |  TCP Connectivity  region1.v2.argotunnel.com  PASS    HTTP/2 connection successful  |
2026-09-03T19:42:42Z INF |  TCP Connectivity  region2.v2.argotunnel.com  PASS    HTTP/2 connection successful  |
2026-09-03T19:42:42Z INF |  Cloudflare API    api.cloudflare.com:443     PASS    API is reachable              |
2026-09-03T19:42:42Z INF |                                                                                     |
2026-09-03T19:42:42Z INF |  SUMMARY: Environment is healthy. cloudflared will use 'quic' as primary protocol.  |
2026-09-03T19:42:42Z INF +-------------------------------------------------------------------------------------+
2026-09-03T19:42:42Z INF precheck component="DNS Resolution" details="DNS Resolved successfully" run_id=6fa1bf50-3c5b-49d7-a477-49ec5cd51929 status=pass target=region1.v2.argotunnel.com
2026-09-03T19:42:42Z INF precheck component="DNS Resolution" details="DNS Resolved successfully" run_id=6fa1bf50-3c5b-49d7-a477-49ec5cd51929 status=pass target=region2.v2.argotunnel.com
2026-09-03T19:42:42Z INF precheck component="UDP Connectivity" details="QUIC connection successful" run_id=6fa1bf50-3c5b-49d7-a477-49ec5cd51929 status=pass target=region1.v2.argotunnel.com
2026-09-03T19:42:42Z INF precheck component="UDP Connectivity" details="QUIC connection successful" run_id=6fa1bf50-3c5b-49d7-a477-49ec5cd51929 status=pass target=region2.v2.argotunnel.com
2026-09-03T19:42:42Z INF precheck component="TCP Connectivity" details="HTTP/2 connection successful" run_id=6fa1bf50-3c5b-49d7-a477-49ec5cd51929 status=pass target=region1.v2.argotunnel.com
2026-09-03T19:42:42Z INF precheck component="TCP Connectivity" details="HTTP/2 connection successful" run_id=6fa1bf50-3c5b-49d7-a477-49ec5cd51929 status=pass target=region2.v2.argotunnel.com
2026-09-03T19:42:42Z INF precheck component="Cloudflare API" details="API is reachable" run_id=6fa1bf50-3c5b-49d7-a477-49ec5cd51929 status=pass target=api.cloudflare.com:443
2026-09-03T19:42:42Z INF precheck complete hard_fail=false run_id=6fa1bf50-3c5b-49d7-a477-49ec5cd51929 suggested_protocol=quic
2026-09-03T19:42:42Z INF Registered tunnel connection connIndex=0 connection=303697da-3059-4d8c-9723-9e9398c62f94 event=0 ip=198.41.192.57 location=add01 protocol=quic
2026-09-03T19:48:30Z ERR  error="stream 81 canceled by remote with error code 0" connIndex=0 event=1 ingressRule=0 originService=http://localhost:4400
2026-09-03T19:48:30Z ERR Request failed error="stream 81 canceled by remote with error code 0" connIndex=0 dest=https://shelf-week-public-enable.trycloudflare.com/ event=0 ip=198.41.192.57 type=http
2026-09-03T19:52:46Z ERR Failed to refresh DNS local resolver error="lookup region1.v2.argotunnel.com: i/o timeout"
2026-09-03T19:55:58Z ERR  error="Unable to reach the origin service. The service may be down or it may not be responding to traffic from cloudflared: dial tcp [::1]:4400: connectex: No connection could be made because the target machine actively refused it." connIndex=0 event=1 ingressRule=0 originService=http://localhost:4400
2026-09-03T19:55:58Z ERR Request failed error="Unable to reach the origin service. The service may be down or it may not be responding to traffic from cloudflared: dial tcp [::1]:4400: connectex: No connection could be made because the target machine actively refused it." connIndex=0 dest=https://shelf-week-public-enable.trycloudflare.com/chat/poll event=0 ip=198.41.192.57 type=http
2026-09-03T19:57:27Z ERR  error="Unable to reach the origin service. The service may be down or it may not be responding to traffic from cloudflared: dial tcp [::1]:4400: connectex: No connection could be made because the target machine actively refused it." connIndex=0 event=1 ingressRule=0 originService=http://localhost:4400
2026-09-03T19:57:27Z ERR Request failed error="Unable to reach the origin service. The service may be down or it may not be responding to traffic from cloudflared: dial tcp [::1]:4400: connectex: No connection could be made because the target machine actively refused it." connIndex=0 dest=https://shelf-week-public-enable.trycloudflare.com/admin/chat/poll?id=2&since=7 event=0 ip=198.41.192.57 type=http
2026-09-03T19:59:41Z ERR  error="Unable to reach the origin service. The service may be down or it may not be responding to traffic from cloudflared: dial tcp [::1]:4400: connectex: No connection could be made because the target machine actively refused it." connIndex=0 event=1 ingressRule=0 originService=http://localhost:4400
2026-09-03T19:59:41Z ERR Request failed error="Unable to reach the origin service. The service may be down or it may not be responding to traffic from cloudflared: dial tcp [::1]:4400: connectex: No connection could be made because the target machine actively refused it." connIndex=0 dest=https://shelf-week-public-enable.trycloudflare.com/admin/chat event=0 ip=198.41.192.57 type=http
2026-09-03T20:13:24Z ERR  error="stream 1793 canceled by remote with error code 0" connIndex=0 event=1 ingressRule=0 originService=http://localhost:4400
2026-09-03T20:13:24Z ERR Request failed error="stream 1793 canceled by remote with error code 0" connIndex=0 dest=https://shelf-week-public-enable.trycloudflare.com/my event=0 ip=198.41.192.57 type=http
